Copyright 1986-2022 Xilinx, Inc. All Rights Reserved. Copyright 2022-2024 Advanced Micro Devices, Inc. All Rights Reserved.
---------------------------------------------------------------------------------------------------------------------------------------------
| Tool Version : Vivado v.2024.1 (win64) Build 5076996 Wed May 22 18:37:14 MDT 2024
| Date         : Tue Aug  6 17:19:52 2024
| Host         : DESKTOP-K5RPCPK running 64-bit major release  (build 9200)
| Command      : report_control_sets -verbose -file nmp_wrapper_control_sets_placed.rpt
| Design       : nmp_wrapper
| Device       : xc7z020
---------------------------------------------------------------------------------------------------------------------------------------------

Control Set Information

Table of Contents
-----------------
1. Summary
2. Histogram
3. Flip-Flop Distribution
4. Detailed Control Set Information

1. Summary
----------

+----------------------------------------------------------+-------+
|                          Status                          | Count |
+----------------------------------------------------------+-------+
| Total control sets                                       |    84 |
|    Minimum number of control sets                        |    84 |
|    Addition due to synthesis replication                 |     0 |
|    Addition due to physical synthesis replication        |     0 |
| Unused register locations in slices containing registers |   235 |
+----------------------------------------------------------+-------+
* Control sets can be merged at opt_design using control_set_merge or merge_equivalent_drivers
** Run report_qor_suggestions for automated merging and remapping suggestions


2. Histogram
------------

+--------------------+-------+
|       Fanout       | Count |
+--------------------+-------+
| Total control sets |    84 |
| >= 0 to < 4        |     3 |
| >= 4 to < 6        |    23 |
| >= 6 to < 8        |     4 |
| >= 8 to < 10       |     9 |
| >= 10 to < 12      |     1 |
| >= 12 to < 14      |    22 |
| >= 14 to < 16      |     3 |
| >= 16              |    19 |
+--------------------+-------+
* Control sets can be remapped at either synth_design or opt_design


3. Flip-Flop Distribution
-------------------------

+--------------+-----------------------+------------------------+-----------------+--------------+
| Clock Enable | Synchronous Set/Reset | Asynchronous Set/Reset | Total Registers | Total Slices |
+--------------+-----------------------+------------------------+-----------------+--------------+
| No           | No                    | No                     |             129 |           42 |
| No           | No                    | Yes                    |               0 |            0 |
| No           | Yes                   | No                     |              83 |           40 |
| Yes          | No                    | No                     |             462 |          113 |
| Yes          | No                    | Yes                    |               0 |            0 |
| Yes          | Yes                   | No                     |             467 |          111 |
+--------------+-----------------------+------------------------+-----------------+--------------+


4. Detailed Control Set Information
-----------------------------------

+--------------------------------------------+---------------------------------------------------------------------------------------------------------------------------------------------------------------------------------------------------------+----------------------------------------------------------------------------------------------------------------------------------------------------+------------------+----------------+--------------+
|                Clock Signal                |                                                                                              Enable Signal                                                                                              |                                                                  Set/Reset Signal                                                                  | Slice Load Count | Bel Load Count | Bels / Slice |
+--------------------------------------------+---------------------------------------------------------------------------------------------------------------------------------------------------------------------------------------------------------+----------------------------------------------------------------------------------------------------------------------------------------------------+------------------+----------------+--------------+
|  nmp_i/processing_system7_0/inst/FCLK_CLK0 | nmp_i/axi_interconnect_0/xbar/inst/gen_samd.crossbar_samd/gen_slave_slots[0].gen_si_write.wdata_router_w/wrouter_aw_fifo/gen_srls[0].gen_rep[1].srl_nx1/push                                            |                                                                                                                                                    |                1 |              1 |         1.00 |
|  nmp_i/processing_system7_0/inst/FCLK_CLK0 | nmp_i/axi_interconnect_0/m00_couplers/auto_pc/inst/gen_axilite.gen_b2s_conv.axilite_b2s/WR.b_channel_0/bid_fifo_0/bresp_push                                                                            |                                                                                                                                                    |                1 |              2 |         2.00 |
|  nmp_i/processing_system7_0/inst/FCLK_CLK0 | nmp_i/axi_interconnect_0/xbar/inst/gen_samd.crossbar_samd/gen_slave_slots[0].gen_si_read.si_transactor_ar/gen_multi_thread.arbiter_resp_inst/gen_multi_thread.accept_cnt_reg_3_sn_1                     | nmp_i/axi_interconnect_0/xbar/inst/gen_samd.crossbar_samd/gen_slave_slots[0].gen_si_read.si_transactor_ar/gen_multi_thread.arbiter_resp_inst/SR[0] |                2 |              3 |         1.50 |
|  nmp_i/processing_system7_0/inst/FCLK_CLK0 | nmp_i/axi_interconnect_0/xbar/inst/gen_samd.crossbar_samd/gen_slave_slots[0].gen_si_read.si_transactor_ar/gen_multi_thread.arbiter_resp_inst/gen_no_arbiter.s_ready_i_reg[0]_4[0]                       | nmp_i/axi_interconnect_0/xbar/inst/gen_samd.crossbar_samd/gen_slave_slots[0].gen_si_read.si_transactor_ar/gen_multi_thread.arbiter_resp_inst/SR[0] |                1 |              4 |         4.00 |
|  nmp_i/processing_system7_0/inst/FCLK_CLK0 |                                                                                                                                                                                                         | nmp_i/axi_interconnect_0/m00_couplers/auto_pc/inst/gen_axilite.gen_b2s_conv.axilite_b2s/SI_REG/aw.aw_pipe/aresetn_d_reg[0]_0                       |                2 |              4 |         2.00 |
|  nmp_i/processing_system7_0/inst/FCLK_CLK0 |                                                                                                                                                                                                         | nmp_i/axi_interconnect_0/m00_couplers/auto_pc/inst/gen_axilite.gen_b2s_conv.axilite_b2s/SI_REG/aw.aw_pipe/aresetn_d_reg[1]_inv_0                   |                4 |              4 |         1.00 |
|  nmp_i/processing_system7_0/inst/FCLK_CLK0 | nmp_i/axi_interconnect_0/xbar/inst/gen_samd.crossbar_samd/gen_slave_slots[0].gen_si_read.si_transactor_ar/gen_multi_thread.arbiter_resp_inst/gen_no_arbiter.s_ready_i_reg[0]_3[0]                       | nmp_i/axi_interconnect_0/xbar/inst/gen_samd.crossbar_samd/gen_slave_slots[0].gen_si_read.si_transactor_ar/gen_multi_thread.arbiter_resp_inst/SR[0] |                1 |              4 |         4.00 |
|  nmp_i/processing_system7_0/inst/FCLK_CLK0 |                                                                                                                                                                                                         | nmp_i/proc_sys_reset_0/U0/EXT_LPF/lpf_int                                                                                                          |                1 |              4 |         4.00 |
|  nmp_i/processing_system7_0/inst/FCLK_CLK0 | nmp_i/axi_interconnect_0/xbar/inst/gen_samd.crossbar_samd/gen_slave_slots[0].gen_si_read.si_transactor_ar/gen_multi_thread.arbiter_resp_inst/gen_no_arbiter.s_ready_i_reg[0]_1[0]                       | nmp_i/axi_interconnect_0/xbar/inst/gen_samd.crossbar_samd/gen_slave_slots[0].gen_si_read.si_transactor_ar/gen_multi_thread.arbiter_resp_inst/SR[0] |                1 |              4 |         4.00 |
|  nmp_i/processing_system7_0/inst/FCLK_CLK0 | nmp_i/axi_interconnect_0/xbar/inst/gen_samd.crossbar_samd/gen_slave_slots[0].gen_si_write.si_transactor_aw/gen_multi_thread.arbiter_resp_inst/gen_multi_thread.gen_thread_loop[6].active_cnt_reg[49][0] | nmp_i/axi_interconnect_0/xbar/inst/gen_samd.crossbar_samd/gen_slave_slots[0].gen_si_read.si_transactor_ar/gen_multi_thread.arbiter_resp_inst/SR[0] |                1 |              4 |         4.00 |
|  nmp_i/processing_system7_0/inst/FCLK_CLK0 | nmp_i/axi_interconnect_0/xbar/inst/gen_samd.crossbar_samd/gen_slave_slots[0].gen_si_write.si_transactor_aw/gen_multi_thread.arbiter_resp_inst/gen_multi_thread.gen_thread_loop[5].active_cnt_reg[41][0] | nmp_i/axi_interconnect_0/xbar/inst/gen_samd.crossbar_samd/gen_slave_slots[0].gen_si_read.si_transactor_ar/gen_multi_thread.arbiter_resp_inst/SR[0] |                2 |              4 |         2.00 |
|  nmp_i/processing_system7_0/inst/FCLK_CLK0 | nmp_i/axi_interconnect_0/xbar/inst/gen_samd.crossbar_samd/gen_slave_slots[0].gen_si_read.si_transactor_ar/gen_multi_thread.arbiter_resp_inst/gen_no_arbiter.s_ready_i_reg[0]_6[0]                       | nmp_i/axi_interconnect_0/xbar/inst/gen_samd.crossbar_samd/gen_slave_slots[0].gen_si_read.si_transactor_ar/gen_multi_thread.arbiter_resp_inst/SR[0] |                1 |              4 |         4.00 |
|  nmp_i/processing_system7_0/inst/FCLK_CLK0 | nmp_i/axi_interconnect_0/xbar/inst/gen_samd.crossbar_samd/gen_slave_slots[0].gen_si_write.si_transactor_aw/gen_multi_thread.arbiter_resp_inst/gen_multi_thread.gen_thread_loop[0].active_cnt_reg[1][0]  | nmp_i/axi_interconnect_0/xbar/inst/gen_samd.crossbar_samd/gen_slave_slots[0].gen_si_read.si_transactor_ar/gen_multi_thread.arbiter_resp_inst/SR[0] |                1 |              4 |         4.00 |
|  nmp_i/processing_system7_0/inst/FCLK_CLK0 | nmp_i/axi_interconnect_0/xbar/inst/gen_samd.crossbar_samd/gen_slave_slots[0].gen_si_write.si_transactor_aw/gen_multi_thread.arbiter_resp_inst/gen_multi_thread.accept_cnt_reg[3][0]                     | nmp_i/axi_interconnect_0/xbar/inst/gen_samd.crossbar_samd/gen_slave_slots[0].gen_si_read.si_transactor_ar/gen_multi_thread.arbiter_resp_inst/SR[0] |                2 |              4 |         2.00 |
|  nmp_i/processing_system7_0/inst/FCLK_CLK0 | nmp_i/axi_interconnect_0/xbar/inst/gen_samd.crossbar_samd/gen_slave_slots[0].gen_si_read.si_transactor_ar/gen_multi_thread.arbiter_resp_inst/E[0]                                                       | nmp_i/axi_interconnect_0/xbar/inst/gen_samd.crossbar_samd/gen_slave_slots[0].gen_si_read.si_transactor_ar/gen_multi_thread.arbiter_resp_inst/SR[0] |                1 |              4 |         4.00 |
|  nmp_i/processing_system7_0/inst/FCLK_CLK0 | nmp_i/axi_interconnect_0/xbar/inst/gen_samd.crossbar_samd/gen_slave_slots[0].gen_si_write.si_transactor_aw/gen_multi_thread.arbiter_resp_inst/gen_multi_thread.gen_thread_loop[4].active_cnt_reg[33][0] | nmp_i/axi_interconnect_0/xbar/inst/gen_samd.crossbar_samd/gen_slave_slots[0].gen_si_read.si_transactor_ar/gen_multi_thread.arbiter_resp_inst/SR[0] |                1 |              4 |         4.00 |
|  nmp_i/processing_system7_0/inst/FCLK_CLK0 | nmp_i/axi_interconnect_0/xbar/inst/gen_samd.crossbar_samd/gen_slave_slots[0].gen_si_write.si_transactor_aw/gen_multi_thread.arbiter_resp_inst/gen_multi_thread.gen_thread_loop[2].active_cnt_reg[17][0] | nmp_i/axi_interconnect_0/xbar/inst/gen_samd.crossbar_samd/gen_slave_slots[0].gen_si_read.si_transactor_ar/gen_multi_thread.arbiter_resp_inst/SR[0] |                1 |              4 |         4.00 |
|  nmp_i/processing_system7_0/inst/FCLK_CLK0 | nmp_i/axi_interconnect_0/xbar/inst/gen_samd.crossbar_samd/gen_slave_slots[0].gen_si_write.wdata_router_w/wrouter_aw_fifo/m_valid_i                                                                      | nmp_i/axi_interconnect_0/xbar/inst/gen_samd.crossbar_samd/gen_slave_slots[0].gen_si_write.wdata_router_w/wrouter_aw_fifo/areset_d1                 |                1 |              4 |         4.00 |
|  nmp_i/processing_system7_0/inst/FCLK_CLK0 | nmp_i/axi_interconnect_0/xbar/inst/gen_samd.crossbar_samd/gen_slave_slots[0].gen_si_write.si_transactor_aw/gen_multi_thread.arbiter_resp_inst/gen_multi_thread.gen_thread_loop[3].active_cnt_reg[25][0] | nmp_i/axi_interconnect_0/xbar/inst/gen_samd.crossbar_samd/gen_slave_slots[0].gen_si_read.si_transactor_ar/gen_multi_thread.arbiter_resp_inst/SR[0] |                1 |              4 |         4.00 |
|  nmp_i/processing_system7_0/inst/FCLK_CLK0 | nmp_i/axi_interconnect_0/xbar/inst/gen_samd.crossbar_samd/gen_slave_slots[0].gen_si_write.si_transactor_aw/gen_multi_thread.arbiter_resp_inst/gen_multi_thread.gen_thread_loop[1].active_cnt_reg[10][0] | nmp_i/axi_interconnect_0/xbar/inst/gen_samd.crossbar_samd/gen_slave_slots[0].gen_si_read.si_transactor_ar/gen_multi_thread.arbiter_resp_inst/SR[0] |                2 |              4 |         2.00 |
|  nmp_i/processing_system7_0/inst/FCLK_CLK0 | nmp_i/axi_interconnect_0/xbar/inst/gen_samd.crossbar_samd/gen_slave_slots[0].gen_si_write.si_transactor_aw/gen_multi_thread.arbiter_resp_inst/gen_multi_thread.gen_thread_loop[7].active_cnt_reg[58][0] | nmp_i/axi_interconnect_0/xbar/inst/gen_samd.crossbar_samd/gen_slave_slots[0].gen_si_read.si_transactor_ar/gen_multi_thread.arbiter_resp_inst/SR[0] |                2 |              4 |         2.00 |
|  nmp_i/processing_system7_0/inst/FCLK_CLK0 | nmp_i/axi_interconnect_0/xbar/inst/gen_samd.crossbar_samd/gen_slave_slots[0].gen_si_read.si_transactor_ar/gen_multi_thread.arbiter_resp_inst/gen_no_arbiter.s_ready_i_reg[0]_2[0]                       | nmp_i/axi_interconnect_0/xbar/inst/gen_samd.crossbar_samd/gen_slave_slots[0].gen_si_read.si_transactor_ar/gen_multi_thread.arbiter_resp_inst/SR[0] |                2 |              4 |         2.00 |
|  nmp_i/processing_system7_0/inst/FCLK_CLK0 | nmp_i/axi_interconnect_0/xbar/inst/gen_samd.crossbar_samd/gen_slave_slots[0].gen_si_read.si_transactor_ar/gen_multi_thread.arbiter_resp_inst/gen_no_arbiter.s_ready_i_reg[0]_0[0]                       | nmp_i/axi_interconnect_0/xbar/inst/gen_samd.crossbar_samd/gen_slave_slots[0].gen_si_read.si_transactor_ar/gen_multi_thread.arbiter_resp_inst/SR[0] |                2 |              4 |         2.00 |
|  nmp_i/processing_system7_0/inst/FCLK_CLK0 | nmp_i/axi_interconnect_0/xbar/inst/gen_samd.crossbar_samd/gen_slave_slots[0].gen_si_read.si_transactor_ar/gen_multi_thread.arbiter_resp_inst/gen_no_arbiter.s_ready_i_reg[0]_5[0]                       | nmp_i/axi_interconnect_0/xbar/inst/gen_samd.crossbar_samd/gen_slave_slots[0].gen_si_read.si_transactor_ar/gen_multi_thread.arbiter_resp_inst/SR[0] |                1 |              4 |         4.00 |
|  nmp_i/processing_system7_0/inst/FCLK_CLK0 | nmp_i/axi_interconnect_0/m00_couplers/auto_pc/inst/gen_axilite.gen_b2s_conv.axilite_b2s/RD.r_channel_0/transaction_fifo_0/E[0]                                                                          | nmp_i/axi_interconnect_0/m00_couplers/auto_pc/inst/gen_axilite.gen_b2s_conv.axilite_b2s/areset_d1                                                  |                2 |              5 |         2.50 |
|  nmp_i/processing_system7_0/inst/FCLK_CLK0 | nmp_i/axi_interconnect_0/m00_couplers/auto_pc/inst/gen_axilite.gen_b2s_conv.axilite_b2s/RD.r_channel_0/transaction_fifo_0/cnt_read[4]_i_1__0_n_0                                                        | nmp_i/axi_interconnect_0/m00_couplers/auto_pc/inst/gen_axilite.gen_b2s_conv.axilite_b2s/areset_d1                                                  |                1 |              5 |         5.00 |
|  nmp_i/processing_system7_0/inst/FCLK_CLK0 | nmp_i/nmp_axi4l_ip_0/inst/control_s_axi_U/waddr                                                                                                                                                         |                                                                                                                                                    |                2 |              6 |         3.00 |
|  nmp_i/processing_system7_0/inst/FCLK_CLK0 |                                                                                                                                                                                                         | nmp_i/axi_interconnect_0/xbar/inst/gen_samd.crossbar_samd/gen_master_slots[1].reg_slice_mi/b.b_pipe/p_0_in                                         |                3 |              6 |         2.00 |
|  nmp_i/processing_system7_0/inst/FCLK_CLK0 |                                                                                                                                                                                                         | nmp_i/axi_interconnect_0/xbar/inst/gen_samd.crossbar_samd/gen_master_slots[1].reg_slice_mi/b.b_pipe/p_1_in                                         |                2 |              6 |         3.00 |
|  nmp_i/processing_system7_0/inst/FCLK_CLK0 | nmp_i/proc_sys_reset_0/U0/SEQ/seq_cnt_en                                                                                                                                                                | nmp_i/proc_sys_reset_0/U0/SEQ/SEQ_COUNTER/clear                                                                                                    |                1 |              6 |         6.00 |
|  nmp_i/processing_system7_0/inst/FCLK_CLK0 | nmp_i/axi_interconnect_0/xbar/inst/gen_samd.crossbar_samd/gen_decerr_slave.decerr_slave_inst/gen_axi.read_cnt[7]_i_1_n_0                                                                                | nmp_i/axi_interconnect_0/xbar/inst/gen_samd.crossbar_samd/gen_slave_slots[0].gen_si_read.si_transactor_ar/gen_multi_thread.arbiter_resp_inst/SR[0] |                2 |              8 |         4.00 |
|  nmp_i/processing_system7_0/inst/FCLK_CLK0 | nmp_i/nmp_axi4l_ip_0/inst/control_s_axi_U/awaddr_set[7]_i_1_n_0                                                                                                                                         | nmp_i/nmp_axi4l_ip_0/inst/control_s_axi_U/ap_rst_n_inv                                                                                             |                1 |              8 |         8.00 |
|  nmp_i/processing_system7_0/inst/FCLK_CLK0 | nmp_i/nmp_axi4l_ip_0/inst/control_s_axi_U/ar_hs                                                                                                                                                         |                                                                                                                                                    |                4 |              8 |         2.00 |
|  nmp_i/processing_system7_0/inst/FCLK_CLK0 | nmp_i/axi_interconnect_0/m00_couplers/auto_pc/inst/gen_axilite.gen_b2s_conv.axilite_b2s/WR.aw_channel_0/cmd_translator_0/incr_cmd_0/axaddr_incr[11]_i_1_n_0                                             |                                                                                                                                                    |                2 |              8 |         4.00 |
|  nmp_i/processing_system7_0/inst/FCLK_CLK0 | nmp_i/axi_interconnect_0/m00_couplers/auto_pc/inst/gen_axilite.gen_b2s_conv.axilite_b2s/WR.b_channel_0/mhandshake_r                                                                                     | nmp_i/axi_interconnect_0/m00_couplers/auto_pc/inst/gen_axilite.gen_b2s_conv.axilite_b2s/WR.b_channel_0/bid_fifo_0/SR[0]                            |                3 |              8 |         2.67 |
|  nmp_i/processing_system7_0/inst/FCLK_CLK0 | nmp_i/nmp_axi4l_ip_0/inst/control_s_axi_U/araddr_set[7]_i_1_n_0                                                                                                                                         | nmp_i/nmp_axi4l_ip_0/inst/control_s_axi_U/ap_rst_n_inv                                                                                             |                1 |              8 |         8.00 |
|  nmp_i/processing_system7_0/inst/FCLK_CLK0 | nmp_i/axi_interconnect_0/m00_couplers/auto_pc/inst/gen_axilite.gen_b2s_conv.axilite_b2s/RD.ar_channel_0/ar_cmd_fsm_0/E[0]                                                                               |                                                                                                                                                    |                2 |              8 |         4.00 |
|  nmp_i/processing_system7_0/inst/FCLK_CLK0 | nmp_i/axi_interconnect_0/m00_couplers/auto_pc/inst/gen_axilite.gen_b2s_conv.axilite_b2s/RD.ar_channel_0/ar_cmd_fsm_0/FSM_sequential_state_reg[1]_3[0]                                                   |                                                                                                                                                    |                5 |              8 |         1.60 |
|  nmp_i/processing_system7_0/inst/FCLK_CLK0 | nmp_i/axi_interconnect_0/m00_couplers/auto_pc/inst/gen_axilite.gen_b2s_conv.axilite_b2s/WR.aw_channel_0/aw_cmd_fsm_0/E[0]                                                                               |                                                                                                                                                    |                2 |              8 |         4.00 |
|  nmp_i/processing_system7_0/inst/FCLK_CLK0 |                                                                                                                                                                                                         | nmp_i/axi_interconnect_0/m00_couplers/auto_pc/inst/gen_axilite.gen_b2s_conv.axilite_b2s/areset_d1                                                  |                5 |             10 |         2.00 |
|  nmp_i/processing_system7_0/inst/FCLK_CLK0 | nmp_i/axi_interconnect_0/xbar/inst/gen_samd.crossbar_samd/gen_decerr_slave.decerr_slave_inst/s_axi_rvalid_i                                                                                             | nmp_i/axi_interconnect_0/xbar/inst/gen_samd.crossbar_samd/gen_slave_slots[0].gen_si_read.si_transactor_ar/gen_multi_thread.arbiter_resp_inst/SR[0] |                3 |             12 |         4.00 |
|  nmp_i/processing_system7_0/inst/FCLK_CLK0 | nmp_i/axi_interconnect_0/xbar/inst/gen_samd.crossbar_samd/gen_decerr_slave.decerr_slave_inst/gen_axi.s_axi_bid_i[11]_i_1_n_0                                                                            | nmp_i/axi_interconnect_0/xbar/inst/gen_samd.crossbar_samd/gen_slave_slots[0].gen_si_read.si_transactor_ar/gen_multi_thread.arbiter_resp_inst/SR[0] |                2 |             12 |         6.00 |
|  nmp_i/processing_system7_0/inst/FCLK_CLK0 | nmp_i/axi_interconnect_0/xbar/inst/gen_samd.crossbar_samd/gen_master_slots[2].reg_slice_mi/b.b_pipe/E[0]                                                                                                |                                                                                                                                                    |                3 |             12 |         4.00 |
|  nmp_i/processing_system7_0/inst/FCLK_CLK0 | nmp_i/axi_interconnect_0/xbar/inst/gen_samd.crossbar_samd/gen_slave_slots[0].gen_si_read.si_transactor_ar/gen_multi_thread.cmd_push_0                                                                   | nmp_i/axi_interconnect_0/xbar/inst/gen_samd.crossbar_samd/gen_slave_slots[0].gen_si_read.si_transactor_ar/gen_multi_thread.arbiter_resp_inst/SR[0] |                2 |             13 |         6.50 |
|  nmp_i/processing_system7_0/inst/FCLK_CLK0 | nmp_i/axi_interconnect_0/xbar/inst/gen_samd.crossbar_samd/gen_slave_slots[0].gen_si_read.si_transactor_ar/gen_multi_thread.cmd_push_2                                                                   | nmp_i/axi_interconnect_0/xbar/inst/gen_samd.crossbar_samd/gen_slave_slots[0].gen_si_read.si_transactor_ar/gen_multi_thread.arbiter_resp_inst/SR[0] |                3 |             13 |         4.33 |
|  nmp_i/processing_system7_0/inst/FCLK_CLK0 | nmp_i/axi_interconnect_0/xbar/inst/gen_samd.crossbar_samd/gen_slave_slots[0].gen_si_read.si_transactor_ar/gen_multi_thread.cmd_push_6                                                                   | nmp_i/axi_interconnect_0/xbar/inst/gen_samd.crossbar_samd/gen_slave_slots[0].gen_si_read.si_transactor_ar/gen_multi_thread.arbiter_resp_inst/SR[0] |                3 |             13 |         4.33 |
|  nmp_i/processing_system7_0/inst/FCLK_CLK0 | nmp_i/axi_interconnect_0/xbar/inst/gen_samd.crossbar_samd/gen_slave_slots[0].gen_si_read.si_transactor_ar/gen_multi_thread.cmd_push_5                                                                   | nmp_i/axi_interconnect_0/xbar/inst/gen_samd.crossbar_samd/gen_slave_slots[0].gen_si_read.si_transactor_ar/gen_multi_thread.arbiter_resp_inst/SR[0] |                3 |             13 |         4.33 |
|  nmp_i/processing_system7_0/inst/FCLK_CLK0 | nmp_i/axi_interconnect_0/xbar/inst/gen_samd.crossbar_samd/gen_slave_slots[0].gen_si_read.si_transactor_ar/gen_multi_thread.cmd_push_3                                                                   | nmp_i/axi_interconnect_0/xbar/inst/gen_samd.crossbar_samd/gen_slave_slots[0].gen_si_read.si_transactor_ar/gen_multi_thread.arbiter_resp_inst/SR[0] |                2 |             13 |         6.50 |
|  nmp_i/processing_system7_0/inst/FCLK_CLK0 | nmp_i/axi_interconnect_0/xbar/inst/gen_samd.crossbar_samd/gen_slave_slots[0].gen_si_read.si_transactor_ar/gen_multi_thread.cmd_push_4                                                                   | nmp_i/axi_interconnect_0/xbar/inst/gen_samd.crossbar_samd/gen_slave_slots[0].gen_si_read.si_transactor_ar/gen_multi_thread.arbiter_resp_inst/SR[0] |                3 |             13 |         4.33 |
|  nmp_i/processing_system7_0/inst/FCLK_CLK0 | nmp_i/axi_interconnect_0/xbar/inst/gen_samd.crossbar_samd/gen_slave_slots[0].gen_si_read.si_transactor_ar/gen_multi_thread.cmd_push_7                                                                   | nmp_i/axi_interconnect_0/xbar/inst/gen_samd.crossbar_samd/gen_slave_slots[0].gen_si_read.si_transactor_ar/gen_multi_thread.arbiter_resp_inst/SR[0] |                4 |             13 |         3.25 |
|  nmp_i/processing_system7_0/inst/FCLK_CLK0 | nmp_i/axi_interconnect_0/xbar/inst/gen_samd.crossbar_samd/gen_slave_slots[0].gen_si_read.si_transactor_ar/gen_multi_thread.cmd_push_1                                                                   | nmp_i/axi_interconnect_0/xbar/inst/gen_samd.crossbar_samd/gen_slave_slots[0].gen_si_read.si_transactor_ar/gen_multi_thread.arbiter_resp_inst/SR[0] |                3 |             13 |         4.33 |
|  nmp_i/processing_system7_0/inst/FCLK_CLK0 | nmp_i/axi_interconnect_0/xbar/inst/gen_samd.crossbar_samd/gen_slave_slots[0].gen_si_read.si_transactor_ar/gen_multi_thread.arbiter_resp_inst/s_axi_rready[0][0]                                         |                                                                                                                                                    |                5 |             13 |         2.60 |
|  nmp_i/processing_system7_0/inst/FCLK_CLK0 | nmp_i/axi_interconnect_0/xbar/inst/gen_samd.crossbar_samd/gen_slave_slots[0].gen_si_write.si_transactor_aw/gen_multi_thread.cmd_push_1                                                                  | nmp_i/axi_interconnect_0/xbar/inst/gen_samd.crossbar_samd/gen_slave_slots[0].gen_si_read.si_transactor_ar/gen_multi_thread.arbiter_resp_inst/SR[0] |                2 |             13 |         6.50 |
|  nmp_i/processing_system7_0/inst/FCLK_CLK0 | nmp_i/axi_interconnect_0/xbar/inst/gen_samd.crossbar_samd/gen_slave_slots[0].gen_si_write.si_transactor_aw/gen_multi_thread.cmd_push_4                                                                  | nmp_i/axi_interconnect_0/xbar/inst/gen_samd.crossbar_samd/gen_slave_slots[0].gen_si_read.si_transactor_ar/gen_multi_thread.arbiter_resp_inst/SR[0] |                3 |             13 |         4.33 |
|  nmp_i/processing_system7_0/inst/FCLK_CLK0 | nmp_i/axi_interconnect_0/xbar/inst/gen_samd.crossbar_samd/gen_slave_slots[0].gen_si_write.si_transactor_aw/gen_multi_thread.cmd_push_5                                                                  | nmp_i/axi_interconnect_0/xbar/inst/gen_samd.crossbar_samd/gen_slave_slots[0].gen_si_read.si_transactor_ar/gen_multi_thread.arbiter_resp_inst/SR[0] |                3 |             13 |         4.33 |
|  nmp_i/processing_system7_0/inst/FCLK_CLK0 | nmp_i/axi_interconnect_0/xbar/inst/gen_samd.crossbar_samd/gen_slave_slots[0].gen_si_write.si_transactor_aw/gen_multi_thread.cmd_push_3                                                                  | nmp_i/axi_interconnect_0/xbar/inst/gen_samd.crossbar_samd/gen_slave_slots[0].gen_si_read.si_transactor_ar/gen_multi_thread.arbiter_resp_inst/SR[0] |                5 |             13 |         2.60 |
|  nmp_i/processing_system7_0/inst/FCLK_CLK0 | nmp_i/axi_interconnect_0/xbar/inst/gen_samd.crossbar_samd/gen_slave_slots[0].gen_si_write.si_transactor_aw/gen_multi_thread.cmd_push_7                                                                  | nmp_i/axi_interconnect_0/xbar/inst/gen_samd.crossbar_samd/gen_slave_slots[0].gen_si_read.si_transactor_ar/gen_multi_thread.arbiter_resp_inst/SR[0] |                4 |             13 |         3.25 |
|  nmp_i/processing_system7_0/inst/FCLK_CLK0 | nmp_i/axi_interconnect_0/xbar/inst/gen_samd.crossbar_samd/gen_master_slots[2].reg_slice_mi/r.r_pipe/s_ready_i_reg_0                                                                                     |                                                                                                                                                    |                4 |             13 |         3.25 |
|  nmp_i/processing_system7_0/inst/FCLK_CLK0 | nmp_i/axi_interconnect_0/xbar/inst/gen_samd.crossbar_samd/gen_slave_slots[0].gen_si_write.si_transactor_aw/gen_multi_thread.cmd_push_2                                                                  | nmp_i/axi_interconnect_0/xbar/inst/gen_samd.crossbar_samd/gen_slave_slots[0].gen_si_read.si_transactor_ar/gen_multi_thread.arbiter_resp_inst/SR[0] |                4 |             13 |         3.25 |
|  nmp_i/processing_system7_0/inst/FCLK_CLK0 | nmp_i/axi_interconnect_0/xbar/inst/gen_samd.crossbar_samd/gen_slave_slots[0].gen_si_write.si_transactor_aw/gen_multi_thread.cmd_push_6                                                                  | nmp_i/axi_interconnect_0/xbar/inst/gen_samd.crossbar_samd/gen_slave_slots[0].gen_si_read.si_transactor_ar/gen_multi_thread.arbiter_resp_inst/SR[0] |                3 |             13 |         4.33 |
|  nmp_i/processing_system7_0/inst/FCLK_CLK0 | nmp_i/axi_interconnect_0/xbar/inst/gen_samd.crossbar_samd/gen_slave_slots[0].gen_si_write.si_transactor_aw/gen_multi_thread.cmd_push_0                                                                  | nmp_i/axi_interconnect_0/xbar/inst/gen_samd.crossbar_samd/gen_slave_slots[0].gen_si_read.si_transactor_ar/gen_multi_thread.arbiter_resp_inst/SR[0] |                3 |             13 |         4.33 |
|  nmp_i/processing_system7_0/inst/FCLK_CLK0 | nmp_i/axi_interconnect_0/m00_couplers/auto_pc/inst/gen_axilite.gen_b2s_conv.axilite_b2s/RD.r_channel_0/r_push_r                                                                                         |                                                                                                                                                    |                4 |             13 |         3.25 |
|  nmp_i/processing_system7_0/inst/FCLK_CLK0 | nmp_i/axi_interconnect_0/m00_couplers/auto_pc/inst/gen_axilite.gen_b2s_conv.axilite_b2s/SI_REG/b.b_pipe/p_1_in                                                                                          |                                                                                                                                                    |                2 |             14 |         7.00 |
|  nmp_i/processing_system7_0/inst/FCLK_CLK0 | nmp_i/axi_interconnect_0/m00_couplers/auto_pc/inst/gen_axilite.gen_b2s_conv.axilite_b2s/SI_REG/b.b_pipe/s_ready_i_reg_0                                                                                 |                                                                                                                                                    |                2 |             14 |         7.00 |
|  nmp_i/processing_system7_0/inst/FCLK_CLK0 | nmp_i/axi_interconnect_0/xbar/inst/gen_samd.crossbar_samd/gen_master_slots[0].reg_slice_mi/b.b_pipe/E[0]                                                                                                |                                                                                                                                                    |                5 |             14 |         2.80 |
|  nmp_i/processing_system7_0/inst/FCLK_CLK0 |                                                                                                                                                                                                         | nmp_i/nmp_axi4l_ip_0/inst/control_s_axi_U/ap_rst_n_inv                                                                                             |                7 |             16 |         2.29 |
|  nmp_i/processing_system7_0/inst/FCLK_CLK0 | nmp_i/axi_interconnect_0/m00_couplers/auto_pc/inst/gen_axilite.gen_b2s_conv.axilite_b2s/WR.aw_channel_0/aw_cmd_fsm_0/b_push                                                                             |                                                                                                                                                    |                3 |             16 |         5.33 |
|  nmp_i/processing_system7_0/inst/FCLK_CLK0 | nmp_i/axi_interconnect_0/m00_couplers/auto_pc/inst/gen_axilite.gen_b2s_conv.axilite_b2s/WR.aw_channel_0/aw_cmd_fsm_0/m_axi_awready_0[0]                                                                 |                                                                                                                                                    |               10 |             22 |         2.20 |
|  nmp_i/processing_system7_0/inst/FCLK_CLK0 | nmp_i/axi_interconnect_0/m00_couplers/auto_pc/inst/gen_axilite.gen_b2s_conv.axilite_b2s/RD.ar_channel_0/ar_cmd_fsm_0/m_axi_arready_0[0]                                                                 |                                                                                                                                                    |                9 |             22 |         2.44 |
|  nmp_i/processing_system7_0/inst/FCLK_CLK0 | nmp_i/nmp_axi4l_ip_0/inst/control_s_axi_U/ar_hs                                                                                                                                                         | nmp_i/nmp_axi4l_ip_0/inst/control_s_axi_U/rdata[31]_i_1_n_0                                                                                        |                4 |             24 |         6.00 |
|  nmp_i/processing_system7_0/inst/FCLK_CLK0 | nmp_i/axi_interconnect_0/m00_couplers/auto_pc/inst/gen_axilite.gen_b2s_conv.axilite_b2s/SI_REG/ar.ar_pipe/s_ready_i_reg_0                                                                               |                                                                                                                                                    |                6 |             28 |         4.67 |
|  nmp_i/processing_system7_0/inst/FCLK_CLK0 | nmp_i/axi_interconnect_0/m00_couplers/auto_pc/inst/gen_axilite.gen_b2s_conv.axilite_b2s/WR.aw_channel_0/aw_cmd_fsm_0/m_valid_i_reg[0]                                                                   |                                                                                                                                                    |                6 |             28 |         4.67 |
|  nmp_i/processing_system7_0/inst/FCLK_CLK0 | nmp_i/axi_interconnect_0/m00_couplers/auto_pc/inst/gen_axilite.gen_b2s_conv.axilite_b2s/RD.ar_channel_0/ar_cmd_fsm_0/FSM_sequential_state_reg[1]_4[0]                                                   |                                                                                                                                                    |                5 |             28 |         5.60 |
|  nmp_i/processing_system7_0/inst/FCLK_CLK0 | nmp_i/axi_interconnect_0/xbar/inst/gen_samd.crossbar_samd/addr_arbiter_ar/p_1_in                                                                                                                        | nmp_i/axi_interconnect_0/xbar/inst/gen_samd.crossbar_samd/gen_slave_slots[0].gen_si_read.si_transactor_ar/gen_multi_thread.arbiter_resp_inst/SR[0] |                4 |             28 |         7.00 |
|  nmp_i/processing_system7_0/inst/FCLK_CLK0 | nmp_i/axi_interconnect_0/xbar/inst/gen_samd.crossbar_samd/addr_arbiter_aw/p_1_in                                                                                                                        | nmp_i/axi_interconnect_0/xbar/inst/gen_samd.crossbar_samd/gen_slave_slots[0].gen_si_read.si_transactor_ar/gen_multi_thread.arbiter_resp_inst/SR[0] |                6 |             28 |         4.67 |
|  nmp_i/processing_system7_0/inst/FCLK_CLK0 | nmp_i/axi_interconnect_0/m00_couplers/auto_pc/inst/gen_axilite.gen_b2s_conv.axilite_b2s/SI_REG/aw.aw_pipe/s_ready_i_reg_0                                                                               |                                                                                                                                                    |                5 |             28 |         5.60 |
|  nmp_i/processing_system7_0/inst/FCLK_CLK0 | nmp_i/nmp_axi4l_ip_0/inst/control_s_axi_U/wdata_set[31]_i_1_n_0                                                                                                                                         | nmp_i/nmp_axi4l_ip_0/inst/control_s_axi_U/ap_rst_n_inv                                                                                             |                5 |             32 |         6.40 |
|  nmp_i/processing_system7_0/inst/FCLK_CLK0 | nmp_i/axi_interconnect_0/m00_couplers/auto_pc/inst/gen_axilite.gen_b2s_conv.axilite_b2s/RD.r_channel_0/rd_data_fifo_0/wr_en0                                                                            |                                                                                                                                                    |                8 |             32 |         4.00 |
|  nmp_i/processing_system7_0/inst/FCLK_CLK0 |                                                                                                                                                                                                         | nmp_i/axi_interconnect_0/xbar/inst/gen_samd.crossbar_samd/gen_slave_slots[0].gen_si_read.si_transactor_ar/gen_multi_thread.arbiter_resp_inst/SR[0] |               16 |             33 |         2.06 |
|  nmp_i/processing_system7_0/inst/FCLK_CLK0 | nmp_i/axi_interconnect_0/m00_couplers/auto_pc/inst/gen_axilite.gen_b2s_conv.axilite_b2s/SI_REG/r.r_pipe/p_1_in                                                                                          |                                                                                                                                                    |                7 |             45 |         6.43 |
|  nmp_i/processing_system7_0/inst/FCLK_CLK0 | nmp_i/axi_interconnect_0/m00_couplers/auto_pc/inst/gen_axilite.gen_b2s_conv.axilite_b2s/SI_REG/r.r_pipe/s_ready_i_reg_0                                                                                 |                                                                                                                                                    |                7 |             45 |         6.43 |
|  nmp_i/processing_system7_0/inst/FCLK_CLK0 | nmp_i/axi_interconnect_0/xbar/inst/gen_samd.crossbar_samd/gen_master_slots[0].reg_slice_mi/r.r_pipe/p_1_in_0                                                                                            |                                                                                                                                                    |               13 |             45 |         3.46 |
|  nmp_i/processing_system7_0/inst/FCLK_CLK0 | nmp_i/axi_interconnect_0/xbar/inst/gen_samd.crossbar_samd/gen_master_slots[0].reg_slice_mi/r.r_pipe/s_ready_i_reg_0                                                                                     |                                                                                                                                                    |                7 |             45 |         6.43 |
|  nmp_i/processing_system7_0/inst/FCLK_CLK0 |                                                                                                                                                                                                         |                                                                                                                                                    |               43 |            130 |         3.02 |
+--------------------------------------------+---------------------------------------------------------------------------------------------------------------------------------------------------------------------------------------------------------+----------------------------------------------------------------------------------------------------------------------------------------------------+------------------+----------------+--------------+


