#-----------------------------------------------------------
# Vivado v2024.1 (64-bit)
# SW Build 5076996 on Wed May 22 18:37:14 MDT 2024
# IP Build 5075265 on Wed May 22 21:45:21 MDT 2024
# SharedData Build 5076995 on Wed May 22 18:29:18 MDT 2024
# Start of session at: Tue Aug  6 14:56:24 2024
# Process ID: 1836
# Current directory: C:/Users/renan/Desktop/teste_vivado2/teste_vivado2.runs/nmp_processing_system7_0_0_synth_1
# Command line: vivado.exe -log nmp_processing_system7_0_0.vds -product Vivado -mode batch -messageDb vivado.pb -notrace -source nmp_processing_system7_0_0.tcl
# Log file: C:/Users/renan/Desktop/teste_vivado2/teste_vivado2.runs/nmp_processing_system7_0_0_synth_1/nmp_processing_system7_0_0.vds
# Journal file: C:/Users/renan/Desktop/teste_vivado2/teste_vivado2.runs/nmp_processing_system7_0_0_synth_1\vivado.jou
# Running On        :DESKTOP-K5RPCPK
# Platform          :Windows Server 2016 or Windows 10
# Operating System  :22631
# Processor Detail  :AMD Ryzen 5 5500                               
# CPU Frequency     :3593 MHz
# CPU Physical cores:6
# CPU Logical cores :12
# Host memory       :8473 MB
# Swap memory       :8605 MB
# Total Virtual     :17079 MB
# Available Virtual :2464 MB
#-----------------------------------------------------------
source nmp_processing_system7_0_0.tcl -notrace
